
########## MODE: onboard
[0] 🌊 The pull tempted, craving
    modals: []
    fixedOverlays: []
    feelDoorOpen: false obVis: false tabs: ["tab-home"]
[1] ⚡ Restless can’t settle, antsy
    modals: ["Restless energy That buzz wants OUT, not in. Don’t scroll it away — that just traps it. Burn it: 20 push-ups right now, "]
    fixedOverlays: ["modal-bg open :: Restless energy That buzz wants OUT, not in. Don’t scroll it away — that just traps it. Bu"]
    feelDoorOpen: false obVis: false tabs: ["tab-home"]
[2] 😶 Flat numb, can’t be bothered
    modals: ["Flat is not failure Numb usually means depleted, not broken — and if you’ve quit something, this grey stretch is your re"]
    fixedOverlays: ["modal-bg open :: Flat is not failure Numb usually means depleted, not broken — and if you’ve quit something"]
    feelDoorOpen: false obVis: false tabs: ["tab-home"]
[3] 🌀 Anxious tense, spinning
    modals: ["Let’s slow it down Anxiety is a body running ahead of the moment. We’ll bring it back down together — one minute of slow"]
    fixedOverlays: ["modal-bg open :: Let’s slow it down Anxiety is a body running ahead of the moment. We’ll bring it back down"]
    feelDoorOpen: false obVis: false tabs: ["tab-home"]
[4] 🌧️ Heavy low, sad, defeated
    modals: ["Heavy is allowed You don’t have to fix this right now. Heavy days are part of it, not proof you’re failing. Be gentle — "]
    fixedOverlays: ["modal-bg open :: Heavy is allowed You don’t have to fix this right now. Heavy days are part of it, not proo"]
    feelDoorOpen: false obVis: false tabs: ["tab-home"]
[5] 💔 Heartache missing someone, a loss
    modals: ["💔 You’re letting go of someone. Missing them isn’t weakness — it’s love that hasn’t found its new shape yet. You don’t "]
    fixedOverlays: ["modal-bg open :: 💔 You’re letting go of someone. Missing them isn’t weakness — it’s love that hasn’t found"]
    feelDoorOpen: false obVis: false tabs: ["tab-home"]
[6] 🍯 Avoiding putting something off
    modals: ["The thing you’re avoiding Avoiding it costs more than doing it — you already know that, because it’s sitting on you righ"]
    fixedOverlays: ["modal-bg open :: The thing you’re avoiding Avoiding it costs more than doing it — you already know that, be"]
    feelDoorOpen: false obVis: false tabs: ["tab-home"]
[7] 🧊 Can’t start frozen, staring at it
    modals: ["What can’t you start? Name it in a few words. Naming it is already the first inch. Make it smaller Cancel"]
    fixedOverlays: ["form-modal :: What can’t you start? Name it in a few words. Naming it is already the first inch. Make it"]
    feelDoorOpen: false obVis: false tabs: ["tab-home"]
[8] 🔥 Fired up angry, frustrated
    modals: ["Fired up Anger is energy with nowhere to go. Don’t aim it at someone or stuff it down. Cool the heat first — a slow cool"]
    fixedOverlays: ["modal-bg open :: Fired up Anger is energy with nowhere to go. Don’t aim it at someone or stuff it down. Coo"]
    feelDoorOpen: false obVis: false tabs: ["tab-home"]
[9] ✨ Actually good steady, grateful
    modals: ["Good — let’s build on it When you’re steady is exactly when to invest, because the hard days spend what the good days sa"]
    fixedOverlays: ["modal-bg open :: Good — let’s build on it When you’re steady is exactly when to invest, because the hard da"]
    feelDoorOpen: false obVis: false tabs: ["tab-home"]

########## MODE: door
[0] 🌊 The pull tempted, craving
    modals: []
    fixedOverlays: []
    feelDoorOpen: false obVis: false tabs: ["tab-home"]
[1] ⚡ Restless can’t settle, antsy
    modals: ["Restless energy That buzz wants OUT, not in. Don’t scroll it away — that just traps it. Burn it: 20 push-ups right now, "]
    fixedOverlays: ["modal-bg open :: Restless energy That buzz wants OUT, not in. Don’t scroll it away — that just traps it. Bu"]
    feelDoorOpen: false obVis: false tabs: ["tab-home"]
[2] 😶 Flat numb, can’t be bothered
    modals: ["Flat is not failure Numb usually means depleted, not broken — and if you’ve quit something, this grey stretch is your re"]
    fixedOverlays: ["modal-bg open :: Flat is not failure Numb usually means depleted, not broken — and if you’ve quit something"]
    feelDoorOpen: false obVis: false tabs: ["tab-home"]
[3] 🌀 Anxious tense, spinning
    modals: ["Let’s slow it down Anxiety is a body running ahead of the moment. We’ll bring it back down together — one minute of slow"]
    fixedOverlays: ["modal-bg open :: Let’s slow it down Anxiety is a body running ahead of the moment. We’ll bring it back down"]
    feelDoorOpen: false obVis: false tabs: ["tab-home"]
[4] 🌧️ Heavy low, sad, defeated
    modals: ["Heavy is allowed You don’t have to fix this right now. Heavy days are part of it, not proof you’re failing. Be gentle — "]
    fixedOverlays: ["modal-bg open :: Heavy is allowed You don’t have to fix this right now. Heavy days are part of it, not proo"]
    feelDoorOpen: false obVis: false tabs: ["tab-home"]
[5] 💔 Heartache missing someone, a loss
    modals: ["💔 You’re letting go of someone. Missing them isn’t weakness — it’s love that hasn’t found its new shape yet. You don’t "]
    fixedOverlays: ["modal-bg open :: 💔 You’re letting go of someone. Missing them isn’t weakness — it’s love that hasn’t found"]
    feelDoorOpen: false obVis: false tabs: ["tab-home"]
[6] 🍯 Avoiding putting something off
    modals: ["The thing you’re avoiding Avoiding it costs more than doing it — you already know that, because it’s sitting on you righ"]
    fixedOverlays: ["modal-bg open :: The thing you’re avoiding Avoiding it costs more than doing it — you already know that, be"]
    feelDoorOpen: false obVis: false tabs: ["tab-home"]
[7] 🧊 Can’t start frozen, staring at it
    modals: ["What can’t you start? Name it in a few words. Naming it is already the first inch. Make it smaller Cancel"]
    fixedOverlays: ["form-modal :: What can’t you start? Name it in a few words. Naming it is already the first inch. Make it"]
    feelDoorOpen: false obVis: false tabs: ["tab-home"]
[8] 🔥 Fired up angry, frustrated
    modals: ["Fired up Anger is energy with nowhere to go. Don’t aim it at someone or stuff it down. Cool the heat first — a slow cool"]
    fixedOverlays: ["modal-bg open :: Fired up Anger is energy with nowhere to go. Don’t aim it at someone or stuff it down. Coo"]
    feelDoorOpen: false obVis: false tabs: ["tab-home"]
[9] ✨ Actually good steady, grateful
    modals: ["Good — let’s build on it When you’re steady is exactly when to invest, because the hard days spend what the good days sa"]
    fixedOverlays: ["modal-bg open :: Good — let’s build on it When you’re steady is exactly when to invest, because the hard da"]
    feelDoorOpen: false obVis: false tabs: ["tab-home"]
